// Jest Snapshot v1, https://goo.gl/fbAQLP

exports[`<App /> snapshot for App component 1`] = `
<div>
  <div
    class="App"
  >
    <nav
      class="navbar navbar-expand-lg navbar-dark bg-dark mb-4"
    >
      <div
        class="container"
      >
        <ul
          class="navbar-nav mr-auto"
        >
          <li
            class="nav-item"
          >
            <a
              aria-current="page"
              class="nav-link active"
              href="/"
            >
              Home
            </a>
          </li>
          <li
            class="nav-item"
          >
            <a
              class="nav-link"
              href="/records/"
            >
              Admin report
            </a>
          </li>
          <li
            class="nav-item"
          >
            <a
              class="nav-link"
              href="/records/new"
            >
              New Record
            </a>
          </li>
        </ul>
      </div>
    </nav>
    <div
      class="container"
    >
      <div
        class="jumbotron"
      >
        <h1>
          Per Aspera Ad Astra!!
        </h1>
      </div>
    </div>
  </div>
</div>
`;

exports[`<App /> snapshot for App component with custom className 1`] = `
<div>
  <div
    class="App"
  >
    <nav
      class="navbar navbar-expand-lg navbar-dark bg-dark mb-4"
    >
      <div
        class="container"
      >
        <ul
          class="navbar-nav mr-auto"
        >
          <li
            class="nav-item"
          >
            <a
              aria-current="page"
              class="nav-link active"
              href="/"
            >
              Home
            </a>
          </li>
          <li
            class="nav-item"
          >
            <a
              class="nav-link"
              href="/records/"
            >
              Admin report
            </a>
          </li>
          <li
            class="nav-item"
          >
            <a
              class="nav-link"
              href="/records/new"
            >
              New Record
            </a>
          </li>
        </ul>
      </div>
    </nav>
    <div
      class="container"
    >
      <div
        class="jumbotron"
      >
        <h1>
          Per Aspera Ad Astra!!
        </h1>
      </div>
    </div>
  </div>
</div>
`;

exports[`<App /> snapshot for App component with custom className and style 1`] = `
<div>
  <div
    class="App"
  >
    <nav
      class="navbar navbar-expand-lg navbar-dark bg-dark mb-4"
    >
      <div
        class="container"
      >
        <ul
          class="navbar-nav mr-auto"
        >
          <li
            class="nav-item"
          >
            <a
              aria-current="page"
              class="nav-link active"
              href="/"
            >
              Home
            </a>
          </li>
          <li
            class="nav-item"
          >
            <a
              class="nav-link"
              href="/records/"
            >
              Admin report
            </a>
          </li>
          <li
            class="nav-item"
          >
            <a
              class="nav-link"
              href="/records/new"
            >
              New Record
            </a>
          </li>
        </ul>
      </div>
    </nav>
    <div
      class="container"
    >
      <div
        class="jumbotron"
      >
        <h1>
          Per Aspera Ad Astra!!
        </h1>
      </div>
    </div>
  </div>
</div>
`;

exports[`<App /> snapshot for App component with custom className, style and children 1`] = `
<div>
  <div
    class="App"
  >
    <nav
      class="navbar navbar-expand-lg navbar-dark bg-dark mb-4"
    >
      <div
        class="container"
      >
        <ul
          class="navbar-nav mr-auto"
        >
          <li
            class="nav-item"
          >
            <a
              aria-current="page"
              class="nav-link active"
              href="/"
            >
              Home
            </a>
          </li>
          <li
            class="nav-item"
          >
            <a
              class="nav-link"
              href="/records/"
            >
              Admin report
            </a>
          </li>
          <li
            class="nav-item"
          >
            <a
              class="nav-link"
              href="/records/new"
            >
              New Record
            </a>
          </li>
        </ul>
      </div>
    </nav>
    <div
      class="container"
    >
      <div
        class="jumbotron"
      >
        <h1>
          Per Aspera Ad Astra!!
        </h1>
      </div>
    </div>
  </div>
</div>
`;

exports[`<App /> snapshot for App component with custom style 1`] = `
<div>
  <div
    class="App"
  >
    <nav
      class="navbar navbar-expand-lg navbar-dark bg-dark mb-4"
    >
      <div
        class="container"
      >
        <ul
          class="navbar-nav mr-auto"
        >
          <li
            class="nav-item"
          >
            <a
              aria-current="page"
              class="nav-link active"
              href="/"
            >
              Home
            </a>
          </li>
          <li
            class="nav-item"
          >
            <a
              class="nav-link"
              href="/records/"
            >
              Admin report
            </a>
          </li>
          <li
            class="nav-item"
          >
            <a
              class="nav-link"
              href="/records/new"
            >
              New Record
            </a>
          </li>
        </ul>
      </div>
    </nav>
    <div
      class="container"
    >
      <div
        class="jumbotron"
      >
        <h1>
          Per Aspera Ad Astra!!
        </h1>
      </div>
    </div>
  </div>
</div>
`;
